RAM  STATE
----------
0:  262
1:  261
2:  256
13:  263
14:  464
15:  261
256:  52
261:  3
262:  464
263:  261
264:  256
267:  3
268:  2
269:  329
270:  267
271:  261
274:  2
275:  1
276:  329
277:  274
278:  268
281:  1
282:  1
283:  329
284:  281
285:  275
288:  1
289:  2
