RAM  STATE
----------
0:  4000
4:  5000
5:  135
6:  246
13:  4001
14:  76
15:  4000
4000:  246
4004:  5000
4006:  200
4007:  40
4008:  6
4010:  246
4011:  246
4012:  46
4013:  6
4015:  5001
4016:  135
4017:  12
