RAM  STATE
----------
0:  263
1:  261
2:  256
13:  263
14:  682
15:  262
16:  6
17:  8
18:  23
19:  15
256:  52
261:  -2
262:  8
263:  261
264:  256
267:  8
268:  15
